11-13 10:08:38.024  3666  3666 E THREAD_STATE:     java.lang.reflect.Method.invoke(Native Method)
11-13 10:08:38.024  3666  3666 E THREAD_STATE:     org.junit.runners.model.FrameworkMethod$1.runReflectiveCall(FrameworkMethod.java:50)
11-13 10:08:38.024  3666  3666 E THREAD_STATE:     org.junit.internal.runners.model.ReflectiveCallable.run(ReflectiveCallable.java:12)
11-13 10:08:38.024  3666  3666 E THREAD_STATE:     org.junit.runners.model.FrameworkMethod.invokeExplosively(FrameworkMethod.java:47)
11-13 10:08:38.024  3666  3666 E THREAD_STATE:     org.junit.internal.runners.statements.InvokeMethod.evaluate(InvokeMethod.java:17)
11-13 10:08:38.024  3666  3666 E THREAD_STATE:     org.junit.internal.runners.statements.RunBefores.evaluate(RunBefores.java:26)
11-13 10:08:38.024  3666  3666 E THREAD_STATE:     org.junit.internal.runners.statements.RunAfters.evaluate(RunAfters.java:27)
11-13 10:08:38.024  3666  3666 E THREAD_STATE:     android.support.test.internal.statement.UiThreadStatement.evaluate(UiThreadStatement.java:55)
11-13 10:08:38.024  3666  3666 E THREAD_STATE:     android.support.test.rule.ActivityTestRule$ActivityStatement.evaluate(ActivityTestRule.java:270)
11-13 10:08:38.024  3666  3666 E THREAD_STATE:     org.junit.internal.runners.statements.FailOnTimeout$CallableStatement.call(FailOnTimeout.java:298)
11-13 10:08:38.024  3666  3666 E THREAD_STATE:     org.junit.internal.runners.statements.FailOnTimeout$CallableStatement.call(FailOnTimeout.java:292)
11-13 10:08:38.024  3666  3666 E THREAD_STATE:     java.util.concurrent.FutureTask.run(FutureTask.java:237)
11-13 10:08:38.024  3666  3666 E THREAD_STATE:     java.lang.Thread.run(Thread.java:761)
11-13 10:08:38.024  3666  3666 E THREAD_STATE: 
11-13 10:08:38.024  3666  3666 E THREAD_STATE:   Thread[Thread-2,5,main]
11-13 10:08:38.024  3666  3666 E THREAD_STATE:     java.lang.Object.wait(Native Method)
11-13 10:08:38.024  3666  3666 E THREAD_STATE:     java.lang.Thread.parkFor$(Thread.java:2127)
11-13 10:08:38.024  3666  3666 E THREAD_STATE:     sun.misc.Unsafe.park(Unsafe.java:325)
11-13 10:08:38.024  3666  3666 E THREAD_STATE:     java.util.concurrent.locks.LockSupport.park(LockSupport.java:161)
11-13 10:08:38.024  3666  3666 E THREAD_STATE:     java.util.concurrent.locks.AbstractQueuedSynchronizer$ConditionObject.await(AbstractQueuedSynchronizer.java:2035)
11-13 10:08:38.024  3666  3666 E THREAD_STATE:     java.util.concurrent.LinkedBlockingQueue.take(LinkedBlockingQueue.java:413)
11-13 10:08:38.024  3666  3666 E THREAD_STATE:     com.umaplay.fluxxan.impl.DispatcherImpl$DispatchThread.run(DispatcherImpl.java:346)
11-13 10:08:38.024  3666  3666 E THREAD_STATE:     java.lang.Thread.run(Thread.java:761)
11-13 10:08:38.024  3666  3666 E THREAD_STATE: 
11-13 10:08:38.024  3666  3666 E THREAD_STATE:   Thread[pool-3-thread-1,5,main]
11-13 10:08:38.024  3666  3666 E THREAD_STATE:     java.lang.Object.wait(Native Method)
11-13 10:08:38.024  3666  3666 E THREAD_STATE:     java.lang.Thread.parkFor$(Thread.java:2127)
11-13 10:08:38.024  3666  3666 E THREAD_STATE:     sun.misc.Unsafe.park(Unsafe.java:325)
11-13 10:08:38.024  3666  3666 E THREAD_STATE:     java.util.concurrent.locks.LockSupport.park(LockSupport.java:161)
11-13 10:08:38.024  3666  3666 E THREAD_STATE:     java.util.concurrent.locks.AbstractQueuedSynchronizer$ConditionObject.await(AbstractQueuedSynchronizer.java:2035)
11-13 10:08:38.024  3666  3666 E THREAD_STATE:     java.util.concurrent.ScheduledThreadPoolExecutor$DelayedWorkQueue.take(ScheduledThreadPoolExecutor.java:1091)
11-13 10:08:38.024  3666  3666 E THREAD_STATE:     java.util.concurrent.ScheduledThreadPoolExecutor$DelayedWorkQueue.take(ScheduledThreadPoolExecutor.java:1084)
11-13 10:08:38.024  3666  3666 E THREAD_STATE:     java.util.concurrent.ThreadPoolExecutor.getTask(ThreadPoolExecutor.java:1058)
11-13 10:08:38.024  3666  3666 E THREAD_STATE:     java.util.concurrent.ThreadPoolExecutor.runWorker(ThreadPoolExecutor.java:1118)
11-13 10:08:38.024  3666  3666 E THREAD_STATE:     java.util.concurrent.ThreadPoolExecutor$Worker.run(ThreadPoolExecutor.java:607)
11-13 10:08:38.024  3666  3666 E THREAD_STATE:     java.lang.Thread.run(Thread.java:761)
11-13 10:08:38.024  3666  3666 E THREAD_STATE: 
11-13 10:08:38.024  3666  3666 E THREAD_STATE:   Thread[FinalizerWatchdogDaemon,5,system]
11-13 10:08:38.024  3666  3666 E THREAD_STATE:     java.lang.Object.wait(Native Method)
11-13 10:08:38.024  3666  3666 E THREAD_STATE:     java.lang.Daemons$FinalizerWatchdogDaemon.sleepUntilNeeded(Daemons.java:269)
11-13 10:08:38.024  3666  3666 E THREAD_STATE:     java.lang.Daemons$FinalizerWatchdogDaemon.run(Daemons.java:249)
11-13 10:08:38.024  3666  3666 E THREAD_STATE:     java.lang.Thread.run(Thread.java:761)
11-13 10:08:38.024  3666  3666 E THREAD_STATE: 
11-13 10:08:38.024  3666  3666 E THREAD_STATE:   Thread[Instr: android.support.test.runner.AndroidJUnitRunner,5,main]
11-13 10:08:38.024  3666  3666 E THREAD_STATE:     java.lang.Object.wait(Native Method)
11-13 10:08:38.024  3666  3666 E THREAD_STATE:     java.lang.Thread.parkFor$(Thread.java:2127)
11-13 10:08:38.024  3666  3666 E THREAD_STATE:     sun.misc.Unsafe.park(Unsafe.java:325)
11-13 10:08:38.024  3666  3666 E THREAD_STATE:     java.util.concurrent.locks.LockSupport.parkNanos(LockSupport.java:201)
11-13 10:08:38.024  3666  3666 E THREAD_STATE:     java.util.concurrent.FutureTask.awaitDone(FutureTask.java:418)
11-13 10:08:38.024  3666  3666 E THREAD_STATE:     java.util.concurrent.FutureTask.get(FutureTask.java:176)
11-13 10:08:38.024  3666  3666 E THREAD_STATE:     org.junit.internal.runners.statements.FailOnTimeout.getResult(FailOnTimeout.java:141)
11-13 10:08:38.024  3666  3666 E THREAD_STATE:     org.junit.internal.runners.statements.FailOnTimeout.evaluate(FailOnTimeout.java:127)
11-13 10:08:38.024  3666  3666 E THREAD_STATE:     org.junit.rules.RunRules.evaluate(RunRules.java:20)
11-13 10:08:38.024  3666  3666 E THREAD_STATE:     org.junit.runners.ParentRunner.runLeaf(ParentRunner.java:325)
11-13 10:08:38.024  3666  3666 E THREAD_STATE:     org.junit.runners.BlockJUnit4ClassRunner.runChild(BlockJUnit4ClassRunner.java:78)
11-13 10:08:38.024  3666  3666 E THREAD_STATE:     org.junit.runners.BlockJUnit4ClassRunner.runChild(BlockJUnit4ClassRunner.java:57)
11-13 10:08:38.024  3666  3666 E THREAD_STATE:     org.junit.runners.ParentRunne
11-13 10:08:38.025  3666  3666 E MonitoringInstrumentation: Dying now...
--------- beginning of crash
11-13 10:08:38.025  3666  3666 E AndroidRuntime: FATAL EXCEPTION: main
11-13 10:08:38.025  3666  3666 E AndroidRuntime: Process: br.com.catbag.gifreduxsample, PID: 3666
11-13 10:08:38.025  3666  3666 E AndroidRuntime: java.lang.RuntimeException: No view found for ID 2131492949
11-13 10:08:38.025  3666  3666 E AndroidRuntime: 	at trikita.anvil.BaseDSL.withId(BaseDSL.java:692)
11-13 10:08:38.025  3666  3666 E AndroidRuntime: 	at br.com.catbag.gifreduxsample.ui.components.GifComponent.lambda$view$2(GifComponent.java:77)
11-13 10:08:38.025  3666  3666 E AndroidRuntime: 	at br.com.catbag.gifreduxsample.ui.components.GifComponent$$Lambda$1.view(Unknown Source)
11-13 10:08:38.025  3666  3666 E AndroidRuntime: 	at trikita.anvil.BaseDSL.xml(BaseDSL.java:676)
11-13 10:08:38.025  3666  3666 E AndroidRuntime: 	at br.com.catbag.gifreduxsample.ui.components.GifComponent.view(GifComponent.java:75)
11-13 10:08:38.025  3666  3666 E AndroidRuntime: 	at trikita.anvil.Anvil$Mount.render(Anvil.java:204)
11-13 10:08:38.025  3666  3666 E AndroidRuntime: 	at trikita.anvil.Anvil.render(Anvil.java:173)
11-13 10:08:38.025  3666  3666 E AndroidRuntime: 	at trikita.anvil.Anvil.render(Anvil.java:104)
11-13 10:08:38.025  3666  3666 E AndroidRuntime: 	at br.com.catbag.gifreduxsample.ui.GifListActivity.lambda$onStateChanged$0(GifListActivity.java:48)
11-13 10:08:38.025  3666  3666 E AndroidRuntime: 	at br.com.catbag.gifreduxsample.ui.GifListActivity$$Lambda$1.run(Unknown Source)
11-13 10:08:38.025  3666  3666 E AndroidRuntime: 	at android.os.Handler.handleCallback(Handler.java:751)
11-13 10:08:38.025  3666  3666 E AndroidRuntime: 	at android.os.Handler.dispatchMessage(Handler.java:95)
11-13 10:08:38.025  3666  3666 E AndroidRuntime: 	at android.os.Looper.loop(Looper.java:154)
11-13 10:08:38.025  3666  3666 E AndroidRuntime: 	at android.app.ActivityThread.main(ActivityThread.java:6077)
11-13 10:08:38.025  3666  3666 E AndroidRuntime: 	at java.lang.reflect.Method.invoke(Native Method)
11-13 10:08:38.025  3666  3666 E AndroidRuntime: 	at com.android.internal.os.ZygoteInit$MethodAndArgsCaller.run(ZygoteInit.java:865)
11-13 10:08:38.025  3666  3666 E AndroidRuntime: 	at com.android.internal.os.ZygoteInit.main(ZygoteInit.java:755)
11-13 10:08:38.031  3666  3666 I Process : Sending signal. PID: 3666 SIG: 9
11-13 10:08:38.115  1513  1628 D GraphicsStats: Buffer count: 2
11-13 10:08:38.116  1513  1556 W InputDispatcher: channel 'f2f7e33 br.com.catbag.gifreduxsample/br.com.catbag.gifreduxsample.ui.GifListActivity (server)' ~ Consumer closed input channel or an error occurred.  events=0x9
11-13 10:08:38.116  1513  1556 E InputDispatcher: channel 'f2f7e33 br.com.catbag.gifreduxsample/br.com.catbag.gifreduxsample.ui.GifListActivity (server)' ~ Channel is unrecoverably broken and will be disposed!
11-13 10:08:38.117  1513  1524 I ActivityManager: Process br.com.catbag.gifreduxsample (pid 3666) has died
11-13 10:08:38.128  1513  1697 I WindowManager: WIN DEATH: Window{f2f7e33 u0 br.com.catbag.gifreduxsample/br.com.catbag.gifreduxsample.ui.GifListActivity EXITING}
11-13 10:08:38.128  1513  1697 W InputDispatcher: Attempted to unregister already unregistered input channel 'f2f7e33 br.com.catbag.gifreduxsample/br.com.catbag.gifreduxsample.ui.GifListActivity (server)'
11-13 10:08:38.144  1513  1524 W ActivityManager: Crash of app br.com.catbag.gifreduxsample running instrumentation ComponentInfo{br.com.catbag.gifreduxsample.test/android.support.test.runner.AndroidJUnitRunner}
11-13 10:08:38.145  1513  1524 I ActivityManager: Force stopping br.com.catbag.gifreduxsample appid=10211 user=0: finished inst
11-13 10:08:38.148  3652  3652 D AndroidRuntime: Shutting down VM
11-13 10:08:38.198  1948  3697 D DropBoxEntryAddedChimeraService: User is not opted-in to Usage & Diagnostics or Lockbox.
11-13 10:08:38.324  2024  2140 W OpenGLRenderer: Incorrectly called buildLayer on View: ShortcutAndWidgetContainer, destroying layer...
11-13 10:08:38.359  1513  1537 I WindowManager: Destroying surface Surface(name=br.com.catbag.gifreduxsample/br.com.catbag.gifreduxsample.ui.GifListActivity) called by com.android.server.wm.WindowStateAnimator.destroySurface:2014 com.android.server.wm.WindowStateAnimator.destroySurfaceLocked:881 com.android.server.wm.WindowState.removeLocked:1449 com.android.server.wm.WindowManagerService.removeWindowInnerLocked:2478 com.android.server.wm.AppWindowToken.destroySurfaces:365 com.android.server.wm.WindowStateAnimator.finishExit:565 com.android.server.wm.AppWindowAnimator.stepAnimationLocked:427 com.android.server.wm.WindowAnimator.updateAppWindowsLocked:196 
11-13 10:08:38.540  3699  3699 D AndroidRuntime: >>>>>> START com.android.internal.os.RuntimeInit uid 2000 <<<<<<
11-13 10:08:38.542  3699  3699 D AndroidRuntime: CheckJNI is ON
11-13 10:08:38.542  3699  3699 E cutils-trace: Error opening trace file: Permission denied (13)
11-13 10:08:38.554  3699  3699 W art     : Unexpected CPU variant for X86 using defaults: x86
11-13 10:08:38.556  3699  3699 D ICU     : No timezone override file found: /data/misc/zoneinfo/current/icu/icu_tzdata.dat
11-13 10:08:38.566  3699  3699 E memtrack: Couldn't load memtrack module (No such file or directory)
11-13 10:08:38.566  3699  3699 E android.os.Debug: failed to load memtrack module: -2
11-13 10:08:38.566  3699  3699 I Radio-JNI: register_android_hardware_Radio DONE
11-13 10:08:38.571  3699  3699 D AndroidRuntime: Calling main entry com.android.commands.pm.Pm
11-13 10:08:38.576  1513  1530 I ActivityManager: Force stopping br.com.catbag.gifreduxsample.test appid=10212 user=-1: deletePackageX
11-13 10:08:38.688  1513  1542 I art     : Starting a blocking GC Explicit
11-13 10:08:38.728  1513  1542 I art     : Explicit concurrent mark sweep GC freed 14944(917KB) AllocSpace objects, 3(60KB) LOS objects, 24% free, 12MB/16MB, paused 301us total 39.499ms
11-13 10:08:38.733  3699  3707 W MessageQueue: Handler (android.os.Handler) {1b8309e} sending message to a Handler on a dead thread
11-13 10:08:38.733  3699  3707 W MessageQueue: java.lang.IllegalStateException: Handler (android.os.Handler) {1b8309e} sending message to a Handler on a dead thread
11-13 10:08:38.733  3699  3707 W MessageQueue: 	at android.os.MessageQueue.enqueueMessage(MessageQueue.java:543)
11-13 10:08:38.733  3699  3707 W MessageQueue: 	at android.os.Handler.enqueueMessage(Handler.java:643)
11-13 10:08:38.733  3699  3707 W MessageQueue: 	at android.os.Handler.sendMessageAtTime(Handler.java:612)
11-13 10:08:38.733  3699  3707 W MessageQueue: 	at android.os.Handler.sendMessageDelayed(Handler.java:582)
11-13 10:08:38.733  3699  3707 W MessageQueue: 	at android.os.Handler.post(Handler.java:338)
11-13 10:08:38.733  3699  3707 W MessageQueue: 	at android.os.ResultReceiver$MyResultReceiver.send(ResultReceiver.java:57)
11-13 10:08:38.733  3699  3707 W MessageQueue: 	at com.android.internal.os.IResultReceiver$Stub.onTransact(IResultReceiver.java:58)
11-13 10:08:38.733  3699  3707 W MessageQueue: 	at android.os.Binder.execTransact(Binder.java:565)
11-13 10:08:38.733  1513  1542 I ActivityManager: Force stopping br.com.catbag.gifreduxsample.test appid=10212 user=0: pkg removed
11-13 10:08:38.733  3699  3699 I art     : System.exit called, status: 0
11-13 10:08:38.733  3699  3699 I AndroidRuntime: VM exiting with result code 0.
11-13 10:08:38.737  2083  2189 W GeofencerStateMachine: Ignoring removeGeofence because network location is disabled.
11-13 10:08:38.739  1600  1730 I LatinIME:LogUtils: Dictionary info: dictionary = main:pt_br ; version = 54 ; date = 1414726257
11-13 10:08:38.740  1513  1557 I InputReader: Reconfiguring input devices.  changes=0x00000010
11-13 10:08:38.741  2037  2037 W ContextImpl: Calling a method in the system process without a qualified user: android.app.ContextImpl.startService:1385 android.content.ContextWrapper.startService:613 android.content.ContextWrapper.startService:613 com.android.keychain.KeyChainBroadcastReceiver.onReceive:12 android.app.ActivityThread.handleReceiver:3011 
11-13 10:08:38.743  1513  1542 E KernelUidCpuTimeReader: failed to remove uid from uid_cputime module
11-13 10:08:38.743  1513  1542 E KernelUidCpuTimeReader: java.io.FileNotFoundException: /proc/uid_cputime/remove_uid_range (No such file or directory)
11-13 10:08:38.743  1513  1542 E KernelUidCpuTimeReader: 	at java.io.FileOutputStream.open(Native Method)
11-13 10:08:38.743  1513  1542 E KernelUidCpuTimeReader: 	at java.io.FileOutputStream.<init>(FileOutputStream.java:221)
11-13 10:08:38.743  1513  1542 E KernelUidCpuTimeReader: 	at java.io.FileOutputStream.<init>(FileOutputStream.java:108)
11-13 10:08:38.743  1513  1542 E KernelUidCpuTimeReader: 	at java.io.FileWriter.<init>(FileWriter.java:63)
11-13 10:08:38.743  1513  1542 E KernelUidCpuTimeReader: 	at com.android.internal.os.KernelUidCpuTimeReader.removeUid(KernelUidCpuTimeReader.java:158)
11-13 10:08:38.743  1513  1542 E KernelUidCpuTimeReader: 	at com.android.internal.os.BatteryStatsImpl.removeUidStatsLocked(BatteryStatsImpl.java:9805)
11-13 10:08:38.743  1513  1542 E KernelUidCpuTimeReader: 	at com.android.server.am.BatteryStatsService.removeUid(BatteryStatsService.java:291)
11-13 10:08:38.743  1513  1542 E KernelUidCpuTimeReader: 	at com.android.server.am.ActivityManagerService.broadcastIntentLocked(ActivityManagerService.java:17767)
11-13 10:08:38.743  1513  1542 E KernelUidCpuTimeReader: 	at com.android.server.am.ActivityManagerService.broadcastIntent(ActivityManagerService.java:18256)
11-13 10:08:38.743  1513  1542 E KernelUidCpuTimeReader: 	at com.android.server.pm.PackageManagerService$8.run(PackageManagerService.java:11407)
11-13 10:08:38.743  1513  1542 E KernelUidCpuTimeReader: 	at android.os.Handler.handleCallback(Handler.java:751)
11-13 10:08:38.743  1513  1542 E KernelUidCpuTimeReader: 	at android.os.Handler.dispatchMessage(Handler.java:95)
11-13 10:08:38.743  1513  1542 E KernelUidCpuTimeReader: 	at android.os.Looper.loop(Looper.java:154)
11-13 10:08:38.743  1513  1542 E KernelUidCpuTimeReader: 	at android.os.HandlerThread.run(HandlerThread.java:61)
11-13 10:08:38.743  1513  1542 E KernelUidCpuTimeReader: 	at com.android.server.ServiceThread.run(ServiceThread.java:46)
11-13 10:08:38.751  1764  1764 D CarrierSvcBindHelper: No carrier app for: 0
11-13 10:08:38.751  2154  3716 D VoicemailCleanupService: Cleaning up data for package: br.com.catbag.gifreduxsample.test
11-13 10:08:38.752  1948  3579 D PkgBroadcastIntentOp: Received broadcast action=android.intent.action.PACKAGE_REMOVED and uri=br.com.catbag.gifreduxsample.test
11-13 10:08:38.752  1948  3579 D AccountUtils: Clearing selected account for br.com.catbag.gifreduxsample.test
11-13 10:08:38.752  1948  3579 I LocationSettingsChecker: Removing dialog suppression flag for package br.com.catbag.gifreduxsample.test
11-13 10:08:38.756  1948  3579 D AuthPkgBcIntentOp: Received broadcast action=android.intent.action.PACKAGE_REMOVED and uri=br.com.catbag.gifreduxsample.test
11-13 10:08:38.765  1948  3579 D MS_IntentHandler: Package broadcast action=android.intent.action.PACKAGE_REMOVED and uri=br.com.catbag.gifreduxsample.test
11-13 10:08:38.765  1948  3579 D WearableController: Received broadcast action=android.intent.action.PACKAGE_REMOVED and uri=br.com.catbag.gifreduxsample.test
11-13 10:08:38.768  1948  2878 I Icing   : doRemovePackageData br.com.catbag.gifreduxsample.test
11-13 10:08:38.769  1948  3579 D gH_MetricsDatabase: 0 metrics were deleted when clearing package br.com.catbag.gifreduxsample.test.
11-13 10:08:38.866  2083  2083 E NetworkScheduler.SR: Invalid parameter app
11-13 10:08:38.866  2083  2083 E NetworkScheduler.SR: Invalid package name : Perhaps you didn't include a PendingIntent in the extras?
11-13 10:08:38.892  2098  3726 I UpdateIcingCorporaServi: Updating corpora: APPS=br.com.catbag.gifreduxsample.test, CONTACTS=MAYBE
11-13 10:08:38.916  2098  3726 I UpdateIcingCorporaServi: UpdateCorporaTask done [took 24 ms] updated apps [took 24 ms] 
11-13 10:08:38.974  1948  3578 E IntentOperationSvc: Failed to instantiate Chimera operation impl, dropping operation
11-13 10:08:39.149  3717  3717 D AndroidRuntime: >>>>>> START com.android.internal.os.RuntimeInit uid 2000 <<<<<<
11-13 10:08:39.150  3717  3717 D AndroidRuntime: CheckJNI is ON
11-13 10:08:39.150  3717  3717 E cutils-trace: Error opening trace file: Permission denied (13)
11-13 10:08:39.166  3717  3717 W art     : Unexpected CPU variant for X86 using defaults: x86
11-13 10:08:39.168  3717  3717 D ICU     : No timezone override file found: /data/misc/zoneinfo/current/icu/icu_tzdata.dat
11-13 10:08:39.177  3717  3717 E memtrack: Couldn't load memtrack module (No such file or directory)
11-13 10:08:39.177  3717  3717 E android.os.Debug: failed to load memtrack module: -2
11-13 10:08:39.178  3717  3717 I Radio-JNI: register_android_hardware_Radio DONE
11-13 10:08:39.183  3717  3717 D AndroidRuntime: Calling main entry com.android.commands.pm.Pm
11-13 10:08:39.184  1513  1530 I ActivityManager: Force stopping br.com.catbag.gifreduxsample appid=10211 user=-1: deletePackageX
11-13 10:08:39.297  1513  1542 I art     : Starting a blocking GC Explicit
11-13 10:08:39.341  1513  1542 I art     : Explicit concurrent mark sweep GC freed 59548(2MB) AllocSpace objects, 8(168KB) LOS objects, 24% free, 12MB/16MB, paused 288us total 43.247ms
11-13 10:08:39.347  3717  3733 W MessageQueue: Handler (android.os.Handler) {ced83a3} sending message to a Handler on a dead thread
11-13 10:08:39.347  3717  3733 W MessageQueue: java.lang.IllegalStateException: Handler (android.os.Handler) {ced83a3} sending message to a Handler on a dead thread
11-13 10:08:39.347  3717  3733 W MessageQueue: 	at android.os.MessageQueue.enqueueMessage(MessageQueue.java:543)
11-13 10:08:39.347  3717  3733 W MessageQueue: 	at android.os.Handler.enqueueMessage(Handler.java:643)
11-13 10:08:39.347  3717  3733 W MessageQueue: 	at android.os.Handler.sendMessageAtTime(Handler.java:612)
11-13 10:08:39.347  3717  3733 W MessageQueue: 	at android.os.Handler.sendMessageDelayed(Handler.java:582)
11-13 10:08:39.347  3717  3733 W MessageQueue: 	at android.os.Handler.post(Handler.java:338)
11-13 10:08:39.347  3717  3733 W MessageQueue: 	at android.os.ResultReceiver$MyResultReceiver.send(ResultReceiver.java:57)
11-13 10:08:39.347  3717  3733 W MessageQueue: 	at com.android.internal.os.IResultReceiver$Stub.onTransact(IResultReceiver.java:58)
11-13 10:08:39.347  3717  3733 W MessageQueue: 	at android.os.Binder.execTransact(Binder.java:565)
11-13 10:08:39.347  1513  1542 I ActivityManager: Force stopping br.com.catbag.gifreduxsample appid=10211 user=0: pkg removed
11-13 10:08:39.348  3717  3717 I art     : System.exit called, status: 0
11-13 10:08:39.348  3717  3717 I AndroidRuntime: VM exiting with result code 0.
11-13 10:08:39.359  1513  1557 I InputReader: Reconfiguring input devices.  changes=0x00000010
11-13 10:08:39.361  2083  2189 W GeofencerStateMachine: Ignoring removeGeofence because network location is disabled.
11-13 10:08:39.362  1513  1542 E KernelUidCpuTimeReader: failed to remove uid from uid_cputime module
11-13 10:08:39.362  1513  1542 E KernelUidCpuTimeReader: java.io.FileNotFoundException: /proc/uid_cputime/remove_uid_range (No such file or directory)
11-13 10:08:39.362  1513  1542 E KernelUidCpuTimeReader: 	at java.io.FileOutputStream.open(Native Method)
11-13 10:08:39.362  1513  1542 E KernelUidCpuTimeReader: 	at java.io.FileOutputStream.<init>(FileOutputStream.java:221)
11-13 10:08:39.362  1513  1542 E KernelUidCpuTimeReader: 	at java.io.FileOutputStream.<init>(FileOutputStream.java:108)
11-13 10:08:39.362  1513  1542 E KernelUidCpuTimeReader: 	at java.io.FileWriter.<init>(FileWriter.java:63)
11-13 10:08:39.362  1513  1542 E KernelUidCpuTimeReader: 	at com.android.internal.os.KernelUidCpuTimeReader.removeUid(KernelUidCpuTimeReader.java:158)
11-13 10:08:39.362  1513  1542 E KernelUidCpuTimeReader: 	at com.android.internal.os.BatteryStatsImpl.removeUidStatsLocked(BatteryStatsImpl.java:9805)
11-13 10:08:39.362  1513  1542 E KernelUidCpuTimeReader: 	at com.android.server.am.BatteryStatsService.removeUid(BatteryStatsService.java:291)
11-13 10:08:39.362  1513  1542 E KernelUidCpuTimeReader: 	at com.android.server.am.ActivityManagerService.broadcastIntentLocked(ActivityManagerService.java:17767)
11-13 10:08:39.362  1513  1542 E KernelUidCpuTimeReader: 	at com.android.server.am.ActivityManagerService.broadcastIntent(ActivityManagerService.java:18256)
11-13 10:08:39.362  1513  1542 E KernelUidCpuTimeReader: 	at com.android.server.pm.PackageManagerService$8.run(PackageManagerService.java:11407)
11-13 10:08:39.362  1513  1542 E KernelUidCpuTimeReader: 	at android.os.Handler.handleCallback(Handler.java:751)
11-13 10:08:39.362  1513  1542 E KernelUidCpuTimeReader: 	at android.os.Handler.dispatchMessage(Handler.java:95)
11-13 10:08:39.362  1513  1542 E KernelUidCpuTimeReader: 	at android.os.Looper.loop(Looper.java:154)
11-13 10:08:39.362  1513  1542 E KernelUidCpuTimeReader: 	at android.os.HandlerThread.run(HandlerThread.java:61)
11-13 10:08:39.362  1513  1542 E KernelUidCpuTimeReader: 	at com.android.server.ServiceThread.run(ServiceThread.java:46)
11-13 10:08:39.364  1600  1730 I LatinIME:LogUtils: Dictionary info: dictionary = main:pt_br ; version = 54 ; date = 1414726257
11-13 10:08:39.365  2037  2037 W ContextImpl: Calling a method in the system process without a qualified user: android.app.ContextImpl.startService:1385 android.content.ContextWrapper.startService:613 android.content.ContextWrapper.startService:613 com.android.keychain.KeyChainBroadcastReceiver.onReceive:12 android.app.ActivityThread.handleReceiver:3011 
11-13 10:08:39.374  1948  3579 D PkgBroadcastIntentOp: Received broadcast action=android.intent.action.PACKAGE_REMOVED and uri=br.com.catbag.gifreduxsample
11-13 10:08:39.374  1948  3579 D AccountUtils: Clearing selected account for br.com.catbag.gifreduxsample
11-13 10:08:39.374  1948  3579 I LocationSettingsChecker: Removing dialog suppression flag for package br.com.catbag.gifreduxsample
11-13 10:08:39.375  2154  3741 D VoicemailCleanupService: Cleaning up data for package: br.com.catbag.gifreduxsample
11-13 10:08:39.391  1948  3579 D AuthPkgBcIntentOp: Received broadcast action=android.intent.action.PACKAGE_REMOVED and uri=br.com.catbag.gifreduxsample
11-13 10:08:39.393  1764  1764 D CarrierSvcBindHelper: No carrier app for: 0
11-13 10:08:39.410  1948  3720 D gH_MetricsDatabase: 0 metrics were deleted when clearing package br.com.catbag.gifreduxsample.
11-13 10:08:39.410  1948  2878 I Icing   : doRemovePackageData br.com.catbag.gifreduxsample
11-13 10:08:39.411  1948  3579 D MS_IntentHandler: Package broadcast action=android.intent.action.PACKAGE_REMOVED and uri=br.com.catbag.gifreduxsample
11-13 10:08:39.412  1948  3579 D WearableController: Received broadcast action=android.intent.action.PACKAGE_REMOVED and uri=br.com.catbag.gifreduxsample
11-13 10:08:39.567  2083  2083 E NetworkScheduler.SR: Invalid parameter app
11-13 10:08:39.567  2083  2083 E NetworkScheduler.SR: Invalid package name : Perhaps you didn't include a PendingIntent in the extras?
11-13 10:08:39.614  2098  3752 I UpdateIcingCorporaServi: Updating corpora: APPS=br.com.catbag.gifreduxsample, CONTACTS=MAYBE
11-13 10:08:39.671  1948  3578 E IntentOperationSvc: Failed to instantiate Chimera operation impl, dropping operation
11-13 10:08:39.856  2098  3752 I UpdateIcingCorporaServi: UpdateCorporaTask done [took 242 ms] updated apps [took 242 ms] 
11-13 10:08:40.014  1948  2401 I Icing   : Indexing 10F424ED678064CE330843B38AD0CAF3E9D2F8C0 from com.google.android.gms
11-13 10:08:40.018  1948  2401 I Icing   : Indexing done 10F424ED678064CE330843B38AD0CAF3E9D2F8C0
