--------- beginning of main
11-13 10:08:30.739  3526  3526 D AndroidRuntime: >>>>>> START com.android.internal.os.RuntimeInit uid 2000 <<<<<<
11-13 10:08:30.740  3526  3526 D AndroidRuntime: CheckJNI is ON
11-13 10:08:30.740  3526  3526 E cutils-trace: Error opening trace file: Permission denied (13)
11-13 10:08:30.757  3526  3526 W art     : Unexpected CPU variant for X86 using defaults: x86
11-13 10:08:30.760  3526  3526 D ICU     : No timezone override file found: /data/misc/zoneinfo/current/icu/icu_tzdata.dat
11-13 10:08:30.772  3526  3526 E memtrack: Couldn't load memtrack module (No such file or directory)
11-13 10:08:30.772  3526  3526 E android.os.Debug: failed to load memtrack module: -2
11-13 10:08:30.772  3526  3526 I Radio-JNI: register_android_hardware_Radio DONE
11-13 10:08:30.779  3526  3526 D AndroidRuntime: Calling main entry com.android.commands.am.Am
11-13 10:08:30.781  3526  3526 D AndroidRuntime: Shutting down VM
11-13 10:08:30.940  3536  3536 D AndroidRuntime: >>>>>> START com.android.internal.os.RuntimeInit uid 2000 <<<<<<
11-13 10:08:30.941  3536  3536 D AndroidRuntime: CheckJNI is ON
11-13 10:08:30.941  3536  3536 E cutils-trace: Error opening trace file: Permission denied (13)
11-13 10:08:30.958  3536  3536 W art     : Unexpected CPU variant for X86 using defaults: x86
11-13 10:08:30.961  3536  3536 D ICU     : No timezone override file found: /data/misc/zoneinfo/current/icu/icu_tzdata.dat
11-13 10:08:30.972  3536  3536 E memtrack: Couldn't load memtrack module (No such file or directory)
11-13 10:08:30.972  3536  3536 E android.os.Debug: failed to load memtrack module: -2
11-13 10:08:30.972  3536  3536 I Radio-JNI: register_android_hardware_Radio DONE
11-13 10:08:30.979  3536  3536 D AndroidRuntime: Calling main entry com.android.commands.pm.Pm
11-13 10:08:30.982  3536  3536 I art     : System.exit called, status: 0
11-13 10:08:30.982  3536  3536 I AndroidRuntime: VM exiting with result code 0.
11-13 10:08:31.228  3547  3547 D AndroidRuntime: >>>>>> START com.android.internal.os.RuntimeInit uid 2000 <<<<<<
11-13 10:08:31.230  3547  3547 D AndroidRuntime: CheckJNI is ON
11-13 10:08:31.230  3547  3547 E cutils-trace: Error opening trace file: Permission denied (13)
11-13 10:08:31.250  3547  3547 W art     : Unexpected CPU variant for X86 using defaults: x86
11-13 10:08:31.258  3547  3547 D ICU     : No timezone override file found: /data/misc/zoneinfo/current/icu/icu_tzdata.dat
11-13 10:08:31.272  3547  3547 E memtrack: Couldn't load memtrack module (No such file or directory)
11-13 10:08:31.273  3547  3547 E android.os.Debug: failed to load memtrack module: -2
11-13 10:08:31.273  3547  3547 I Radio-JNI: register_android_hardware_Radio DONE
11-13 10:08:31.281  3547  3547 D AndroidRuntime: Calling main entry com.android.commands.pm.Pm
11-13 10:08:31.285  1269  1269 I         : free_cache(3673710) avail 431894528
11-13 10:08:31.566  3547  3547 I art     : System.exit called, status: 0
11-13 10:08:31.566  3547  3547 I AndroidRuntime: VM exiting with result code 0.
11-13 10:08:31.816  3559  3559 D AndroidRuntime: >>>>>> START com.android.internal.os.RuntimeInit uid 2000 <<<<<<
11-13 10:08:31.818  3559  3559 D AndroidRuntime: CheckJNI is ON
11-13 10:08:31.818  3559  3559 E cutils-trace: Error opening trace file: Permission denied (13)
11-13 10:08:31.831  3559  3559 W art     : Unexpected CPU variant for X86 using defaults: x86
11-13 10:08:31.833  3559  3559 D ICU     : No timezone override file found: /data/misc/zoneinfo/current/icu/icu_tzdata.dat
11-13 10:08:31.841  3559  3559 E memtrack: Couldn't load memtrack module (No such file or directory)
11-13 10:08:31.841  3559  3559 E android.os.Debug: failed to load memtrack module: -2
11-13 10:08:31.841  3559  3559 I Radio-JNI: register_android_hardware_Radio DONE
11-13 10:08:31.846  3559  3559 D AndroidRuntime: Calling main entry com.android.commands.pm.Pm
11-13 10:08:31.919  1513  1542 I PackageManager.DexOptimizer: Running dexopt (dex2oat) on: /data/app/vmdl609971557.tmp/base.apk pkg=br.com.catbag.gifreduxsample isa=x86 vmSafeMode=false debuggable=true target-filter=interpret-only oatDir = /data/app/vmdl609971557.tmp/oat sharedLibraries=null
11-13 10:08:31.928  3570  3570 W dex2oat : Unexpected CPU variant for X86 using defaults: x86
11-13 10:08:31.928  3570  3570 W dex2oat : Mismatch between dex2oat instruction set features (ISA: X86 Feature string: smp,-ssse3,-sse4.1,-sse4.2,-avx,-avx2,-lock_add,-popcnt) and those of dex2oat executable (ISA: X86 Feature string: smp,ssse3,-sse4.1,-sse4.2,-avx,-avx2,-lock_add,-popcnt) for the command line:
11-13 10:08:31.928  3570  3570 W dex2oat : /system/bin/dex2oat --zip-fd=6 --zip-location=base.apk --oat-fd=7 --oat-location=/data/app/vmdl609971557.tmp/oat/x86/base.odex --instruction-set=x86 --instruction-set-variant=x86 --instruction-set-features=default --runtime-arg -Xms64m --runtime-arg -Xmx512m --compiler-filter=interpret-only --swap-fd=9 --debuggable
11-13 10:08:31.929  3570  3570 I dex2oat : /system/bin/dex2oat --compiler-filter=interpret-only --debuggable
11-13 10:08:31.929  3570  3570 E cutils-trace: Error opening trace file: Permission denied (13)
11-13 10:08:32.615  3570  3570 W dex2oat : Before Android 4.1, method int android.support.v7.widget.ListViewCompat.lookForSelectablePosition(int, boolean) would have incorrectly overridden the package-private method in android.widget.ListView
11-13 10:08:32.628  3570  3570 W dex2oat : Before Android 4.1, method android.graphics.PorterDuffColorFilter android.support.graphics.drawable.VectorDrawableCompat.updateTintFilter(android.graphics.PorterDuffColorFilter, android.content.res.ColorStateList, android.graphics.PorterDuff$Mode) would have incorrectly overridden the package-private method in android.graphics.drawable.Drawable
11-13 10:08:33.343  3570  3570 I dex2oat : dex2oat took 1.415s (threads: 4) arena alloc=2MB (2274864B) java alloc=6MB (6957792B) native alloc=10MB (10945456B) free=3MB (3210320B)
--------- beginning of system
11-13 10:08:33.569  1513  1542 W PackageManager: Not granting permission android.permission.SET_DEBUG_APP to package br.com.catbag.gifreduxsample (protectionLevel=50 flags=0x3848be46)
11-13 10:08:33.698  1513  1542 V BackupManagerService: restoreAtInstall pkg=br.com.catbag.gifreduxsample token=7 restoreSet=0
11-13 10:08:33.698  1513  1542 W BackupManagerService: Requested unavailable transport: android/com.android.internal.backup.LocalTransport
11-13 10:08:33.698  1513  1542 W BackupManagerService: No transport
11-13 10:08:33.698  1513  1542 V BackupManagerService: Finishing install immediately
11-13 10:08:33.699  1513  1542 I art     : Starting a blocking GC Explicit
11-13 10:08:33.739  1513  1542 I art     : Explicit concurrent mark sweep GC freed 27928(1561KB) AllocSpace objects, 9(188KB) LOS objects, 24% free, 12MB/16MB, paused 254us total 39.405ms
11-13 10:08:33.739  1269  1269 E         : Couldn't opendir /data/app/vmdl609971557.tmp: No such file or directory
11-13 10:08:33.741  3559  3559 I art     : System.exit called, status: 0
11-13 10:08:33.741  3559  3559 I AndroidRuntime: VM exiting with result code 0.
11-13 10:08:33.744  1513  1557 I InputReader: Reconfiguring input devices.  changes=0x00000010
11-13 10:08:33.756  1764  1764 D CarrierSvcBindHelper: No carrier app for: 0
11-13 10:08:33.756  1764  1764 D CarrierConfigLoader: mHandler: 9 phoneId: 0
11-13 10:08:33.761  1948  1948 D AsyncTaskServiceImpl: Submit a task: nzm
11-13 10:08:33.764  1948  3578 E IntentOperationSvc: Failed to instantiate Chimera operation impl, dropping operation
11-13 10:08:33.764  1948  3579 D PkgBroadcastIntentOp: Received broadcast action=android.intent.action.PACKAGE_ADDED and uri=br.com.catbag.gifreduxsample
11-13 10:08:33.768  1948  3579 D AuthPkgBcIntentOp: Received broadcast action=android.intent.action.PACKAGE_ADDED and uri=br.com.catbag.gifreduxsample
11-13 10:08:33.769  1948  2878 D nzm     : Processing package: br.com.catbag.gifreduxsample
11-13 10:08:33.771  1948  2878 D GassUtils: Found app info for package br.com.catbag.gifreduxsample:1. Hash: e04a5ccbe6ba1a570cd301aeb27a4bd00fc1ef3c1fcfc9465f561a4f7339171d
11-13 10:08:33.771  1948  2878 D nzm     : Found info for package br.com.catbag.gifreduxsample in db.
11-13 10:08:33.773  2098  3580 I UpdateIcingCorporaServi: Updating corpora: APPS=br.com.catbag.gifreduxsample, CONTACTS=MAYBE
11-13 10:08:33.787  1948  3579 D MS_IntentHandler: Package broadcast action=android.intent.action.PACKAGE_ADDED and uri=br.com.catbag.gifreduxsample
11-13 10:08:33.789  1948  3579 D WearableController: Received broadcast action=android.intent.action.PACKAGE_ADDED and uri=br.com.catbag.gifreduxsample
11-13 10:08:33.858  1948  3586 W IcingInternalCorpora: getNumBytesRead when not calculated.
11-13 10:08:33.978  3582  3582 D AndroidRuntime: >>>>>> START com.android.internal.os.RuntimeInit uid 2000 <<<<<<
11-13 10:08:33.979  3582  3582 D AndroidRuntime: CheckJNI is ON
11-13 10:08:33.979  3582  3582 E cutils-trace: Error opening trace file: Permission denied (13)
11-13 10:08:34.079  3582  3582 W art     : Unexpected CPU variant for X86 using defaults: x86
11-13 10:08:34.084  3582  3582 D ICU     : No timezone override file found: /data/misc/zoneinfo/current/icu/icu_tzdata.dat
11-13 10:08:34.093  1948  1957 W SQLiteConnectionPool: A SQLiteConnection object for database '/data/user/0/com.google.android.gms/databases/metrics.db' was leaked!  Please fix your application to end transactions in progress properly and to close the database when it is no longer needed.
11-13 10:08:34.094  1948  1957 W SQLiteConnectionPool: A SQLiteConnection object for database '/data/user/0/com.google.android.gms/databases/help_responses.db' was leaked!  Please fix your application to end transactions in progress properly and to close the database when it is no longer needed.
11-13 10:08:34.096  1948  1957 W SQLiteConnectionPool: A SQLiteConnection object for database '/data/user/0/com.google.android.gms/databases/auto_complete_suggestions.db' was leaked!  Please fix your application to end transactions in progress properly and to close the database when it is no longer needed.
11-13 10:08:34.097  3582  3582 E memtrack: Couldn't load memtrack module (No such file or directory)
11-13 10:08:34.097  3582  3582 E android.os.Debug: failed to load memtrack module: -2
11-13 10:08:34.098  3582  3582 I Radio-JNI: register_android_hardware_Radio DONE
11-13 10:08:34.099  1948  1957 W SQLiteConnectionPool: A SQLiteConnection object for database '/data/user/0/com.google.android.gms/databases/metrics.db' was leaked!  Please fix your application to end transactions in progress properly and to close the database when it is no longer needed.
11-13 10:08:34.100  1948  1957 W SQLiteConnectionPool: A SQLiteConnection object for database '/data/user/0/com.google.android.gms/databases/help_responses.db' was leaked!  Please fix your application to end transactions in progress properly and to close the database when it is no longer needed.
11-13 10:08:34.101  1948  1957 W SQLiteConnectionPool: A SQLiteConnection object for database '/data/user/0/com.google.android.gms/databases/auto_complete_suggestions.db' was leaked!  Please fix your application to end transactions in progress properly and to close the database when it is no longer needed.
11-13 10:08:34.102  1948  1957 W SQLiteConnectionPool: A SQLiteConnection object for database '/data/user/0/com.google.android.gms/databases/metrics.db' was leaked!  Please fix your application to end transactions in progress properly and to close the database when it is no longer needed.
11-13 10:08:34.103  3582  3582 D AndroidRuntime: Calling main entry com.android.commands.pm.Pm
11-13 10:08:34.104  1948  1957 W SQLiteConnectionPool: A SQLiteConnection object for database '/data/user/0/com.google.android.gms/databases/help_responses.db' was leaked!  Please fix your application to end transactions in progress properly and to close the database when it is no longer needed.
11-13 10:08:34.105  1948  1957 W SQLiteConnectionPool: A SQLiteConnection object for database '/data/user/0/com.google.android.gms/databases/auto_complete_suggestions.db' was leaked!  Please fix your application to end transactions in progress properly and to close the database when it is no longer needed.
11-13 10:08:34.106  3582  3582 I art     : System.exit called, status: 0
11-13 10:08:34.106  3582  3582 I AndroidRuntime: VM exiting with result code 0.
11-13 10:08:34.118  2098  3580 I UpdateIcingCorporaServi: UpdateCorporaTask done [took 344 ms] updated apps [took 344 ms] 
11-13 10:08:34.279  3620  3620 D AndroidRuntime: >>>>>> START com.android.internal.os.RuntimeInit uid 2000 <<<<<<
11-13 10:08:34.280  3620  3620 D AndroidRuntime: CheckJNI is ON
11-13 10:08:34.280  3620  3620 E cutils-trace: Error opening trace file: Permission denied (13)
11-13 10:08:34.295  3620  3620 W art     : Unexpected CPU variant for X86 using defaults: x86
11-13 10:08:34.298  3620  3620 D ICU     : No timezone override file found: /data/misc/zoneinfo/current/icu/icu_tzdata.dat
11-13 10:08:34.307  3620  3620 E memtrack: Couldn't load memtrack module (No such file or directory)
11-13 10:08:34.307  3620  3620 E android.os.Debug: failed to load memtrack module: -2
11-13 10:08:34.307  3620  3620 I Radio-JNI: register_android_hardware_Radio DONE
11-13 10:08:34.311  3620  3620 D AndroidRuntime: Calling main entry com.android.commands.pm.Pm
11-13 10:08:34.314  1269  1269 I         : free_cache(2062186) avail 418897920
11-13 10:08:34.510  3620  3620 I art     : System.exit called, status: 0
11-13 10:08:34.511  3620  3620 I AndroidRuntime: VM exiting with result code 0.
11-13 10:08:34.727  3633  3633 D AndroidRuntime: >>>>>> START com.android.internal.os.RuntimeInit uid 2000 <<<<<<
11-13 10:08:34.728  3633  3633 D AndroidRuntime: CheckJNI is ON
11-13 10:08:34.728  3633  3633 E cutils-trace: Error opening trace file: Permission denied (13)
11-13 10:08:34.744  3633  3633 W art     : Unexpected CPU variant for X86 using defaults: x86
11-13 10:08:34.747  3633  3633 D ICU     : No timezone override file found: /data/misc/zoneinfo/current/icu/icu_tzdata.dat
11-13 10:08:34.756  3633  3633 E memtrack: Couldn't load memtrack module (No such file or directory)
11-13 10:08:34.756  3633  3633 E android.os.Debug: failed to load memtrack module: -2
11-13 10:08:34.757  3633  3633 I Radio-JNI: register_android_hardware_Radio DONE
11-13 10:08:34.761  3633  3633 D AndroidRuntime: Calling main entry com.android.commands.pm.Pm
11-13 10:08:34.811  1513  1542 I PackageManager.DexOptimizer: Running dexopt (dex2oat) on: /data/app/vmdl2130685604.tmp/base.apk pkg=br.com.catbag.gifreduxsample.test isa=x86 vmSafeMode=false debuggable=true target-filter=interpret-only oatDir = /data/app/vmdl2130685604.tmp/oat sharedLibraries=/system/framework/android.test.runner.jar
11-13 10:08:34.821  3643  3643 W dex2oat : Unexpected CPU variant for X86 using defaults: x86
11-13 10:08:34.821  3643  3643 W dex2oat : Mismatch between dex2oat instruction set features (ISA: X86 Feature string: smp,-ssse3,-sse4.1,-sse4.2,-avx,-avx2,-lock_add,-popcnt) and those of dex2oat executable (ISA: X86 Feature string: smp,ssse3,-sse4.1,-sse4.2,-avx,-avx2,-lock_add,-popcnt) for the command line:
11-13 10:08:34.821  3643  3643 W dex2oat : /system/bin/dex2oat --zip-fd=6 --zip-location=base.apk --oat-fd=7 --oat-location=/data/app/vmdl2130685604.tmp/oat/x86/base.odex --instruction-set=x86 --instruction-set-variant=x86 --instruction-set-features=default --runtime-arg -Xms64m --runtime-arg -Xmx512m --compiler-filter=interpret-only --swap-fd=9 --debuggable --runtime-arg -classpath --runtime-arg /system/framework/android.test.runner.jar
11-13 10:08:34.821  3643  3643 I dex2oat : /system/bin/dex2oat --compiler-filter=interpret-only --debuggable
11-13 10:08:34.821  3643  3643 E cutils-trace: Error opening trace file: Permission denied (13)
11-13 10:08:35.159  1948  2878 I Icing   : Indexing 10F424ED678064CE330843B38AD0CAF3E9D2F8C0 from com.google.android.gms
11-13 10:08:35.199  1948  2878 I Icing   : Indexing 5CDA98E2EAB98AD86D3BB8BE63648A80C1D1CE04 from com.google.android.googlequicksearchbox
11-13 10:08:35.222  1948  2878 I Icing   : Indexing done 10F424ED678064CE330843B38AD0CAF3E9D2F8C0
11-13 10:08:35.229  1948  2878 I Icing   : Indexing done 5CDA98E2EAB98AD86D3BB8BE63648A80C1D1CE04
11-13 10:08:35.774  3643  3643 I dex2oat : dex2oat took 953.570ms (threads: 4) arena alloc=18KB (18896B) java alloc=3MB (3963456B) native alloc=6MB (6987832B) free=2MB (2449352B)
11-13 10:08:36.089  1513  1542 V BackupManagerService: restoreAtInstall pkg=br.com.catbag.gifreduxsample.test token=8 restoreSet=0
11-13 10:08:36.089  1513  1542 W BackupManagerService: Requested unavailable transport: android/com.android.internal.backup.LocalTransport
11-13 10:08:36.089  1513  1542 W BackupManagerService: No transport
11-13 10:08:36.089  1513  1542 V BackupManagerService: Finishing install immediately
11-13 10:08:36.090  1513  1542 I art     : Starting a blocking GC Explicit
11-13 10:08:36.127  1513  1542 I art     : Explicit concurrent mark sweep GC freed 17332(1034KB) AllocSpace objects, 7(148KB) LOS objects, 24% free, 12MB/16MB, paused 281us total 36.599ms
11-13 10:08:36.127  1269  1269 E         : Couldn't opendir /data/app/vmdl2130685604.tmp: No such file or directory
11-13 10:08:36.129  3633  3633 I art     : System.exit called, status: 0
11-13 10:08:36.129  3633  3633 I AndroidRuntime: VM exiting with result code 0.
11-13 10:08:36.136  1513  1557 I InputReader: Reconfiguring input devices.  changes=0x00000010
11-13 10:08:36.141  1764  1764 D CarrierSvcBindHelper: No carrier app for: 0
11-13 10:08:36.141  1764  1764 D CarrierConfigLoader: mHandler: 9 phoneId: 0
11-13 10:08:36.143  1948  3578 E IntentOperationSvc: Failed to instantiate Chimera operation impl, dropping operation
11-13 10:08:36.143  1948  3579 D PkgBroadcastIntentOp: Received broadcast action=android.intent.action.PACKAGE_ADDED and uri=br.com.catbag.gifreduxsample.test
11-13 10:08:36.144  1948  1948 D AsyncTaskServiceImpl: Submit a task: nzm
11-13 10:08:36.146  1948  2878 D nzm     : Processing package: br.com.catbag.gifreduxsample.test
11-13 10:08:36.147  1948  2878 D GassUtils: Found app info for package br.com.catbag.gifreduxsample.test:0. Hash: e726296297d286d5257c4c44a71b7c4298ad1f6b3c2e794428fe9c93b80715b0
11-13 10:08:36.147  1948  2878 D nzm     : Found info for package br.com.catbag.gifreduxsample.test in db.
11-13 10:08:36.153  1948  3579 D AuthPkgBcIntentOp: Received broadcast action=android.intent.action.PACKAGE_ADDED and uri=br.com.catbag.gifreduxsample.test
11-13 10:08:36.156  1948  3579 D MS_IntentHandler: Package broadcast action=android.intent.action.PACKAGE_ADDED and uri=br.com.catbag.gifreduxsample.test
11-13 10:08:36.157  1948  3579 D WearableController: Received broadcast action=android.intent.action.PACKAGE_ADDED and uri=br.com.catbag.gifreduxsample.test
11-13 10:08:36.174  2098  3657 I UpdateIcingCorporaServi: Updating corpora: APPS=br.com.catbag.gifreduxsample.test, CONTACTS=MAYBE
11-13 10:08:36.182  2098  3657 I UpdateIcingCorporaServi: UpdateCorporaTask done [took 8 ms] updated apps [took 8 ms] 
11-13 10:08:36.386  3652  3652 D AndroidRuntime: >>>>>> START com.android.internal.os.RuntimeInit uid 2000 <<<<<<
11-13 10:08:36.388  3652  3652 D AndroidRuntime: CheckJNI is ON
11-13 10:08:36.388  3652  3652 E cutils-trace: Error opening trace file: Permission denied (13)
11-13 10:08:36.405  3652  3652 W art     : Unexpected CPU variant for X86 using defaults: x86
11-13 10:08:36.407  3652  3652 D ICU     : No timezone override file found: /data/misc/zoneinfo/current/icu/icu_tzdata.dat
11-13 10:08:36.417  3652  3652 E memtrack: Couldn't load memtrack module (No such file or directory)
11-13 10:08:36.417  3652  3652 E android.os.Debug: failed to load memtrack module: -2
11-13 10:08:36.417  3652  3652 I Radio-JNI: register_android_hardware_Radio DONE
11-13 10:08:36.423  3652  3652 D AndroidRuntime: Calling main entry com.android.commands.am.Am
11-13 10:08:36.425  1513  2942 I ActivityManager: Force stopping br.com.catbag.gifreduxsample appid=10211 user=0: start instr
11-13 10:08:36.429  3666  3666 I art     : Not late-enabling -Xcheck:jni (already on)
11-13 10:08:36.429  3666  3666 W art     : Unexpected CPU variant for X86 using defaults: x86
11-13 10:08:36.436  1513  2942 I ActivityManager: Start proc 3666:br.com.catbag.gifreduxsample/u0a211 for added application br.com.catbag.gifreduxsample
11-13 10:08:36.447  3666  3666 W System  : ClassLoader referenced unknown path: /data/app/br.com.catbag.gifreduxsample.test-1/lib/x86
11-13 10:08:36.455  3666  3666 W System  : ClassLoader referenced unknown path: 
11-13 10:08:36.461  3666  3666 I MonitoringInstrumentation: Instrumentation Started!
11-13 10:08:36.461  3666  3666 I MonitoringInstrumentation: Setting context classloader to 'dalvik.system.PathClassLoader[DexPathList[[zip file "/system/framework/android.test.runner.jar", zip file "/data/app/br.com.catbag.gifreduxsample.test-1/base.apk", zip file "/data/app/br.com.catbag.gifreduxsample-1/base.apk"],nativeLibraryDirectories=[/data/app/br.com.catbag.gifreduxsample.test-1/lib/x86, /data/app/br.com.catbag.gifreduxsample-1/lib/x86, /system/fake-libs, /data/app/br.com.catbag.gifreduxsample.test-1/base.apk!/lib/x86, /data/app/br.com.catbag.gifreduxsample-1/base.apk!/lib/x86, /system/lib, /vendor/lib]]]', Original: 'dalvik.system.PathClassLoader[DexPathList[[zip file "/system/framework/android.test.runner.jar", zip file "/data/app/br.com.catbag.gifreduxsample.test-1/base.apk", zip file "/data/app/br.com.catbag.gifreduxsample-1/base.apk"],nativeLibraryDirectories=[/data/app/br.com.catbag.gifreduxsample.test-1/lib/x86, /data/app/br.com.catbag.gifreduxsample-1/lib/x86, /system/fake-libs, /data/app/br.com.catbag.gifreduxsample.test-1/base.apk!/lib/x86, /data/app/br.com.catbag.gifreduxsample-1/base.apk!/lib/x86, /system/lib, /vendor/lib]]]'
11-13 10:08:36.464  3666  3666 I MonitoringInstrumentation: No JSBridge.
11-13 10:08:36.466  3666  3681 I UsageTrackerFacilitator: Usage tracking enabled
11-13 10:08:36.467  3666  3681 I TestRequestBuilder: Scanning classpath to find tests in apks [/data/app/br.com.catbag.gifreduxsample.test-1/base.apk]
11-13 10:08:36.694  3666  3681 I art     : Rejecting re-init on previously-failed class java.lang.Class<org.objectweb.asm.commons.JSRInlinerAdapter>: java.lang.NoClassDefFoundError: Failed resolution of: Lorg/objectweb/asm/tree/MethodNode;
11-13 10:08:36.694  3666  3681 I art     :   at java.lang.Class java.lang.Class.classForName!(java.lang.String, boolean, java.lang.ClassLoader) (Class.java:-2)
11-13 10:08:36.694  3666  3681 I art     :   at java.lang.Class java.lang.Class.forName(java.lang.String, boolean, java.lang.ClassLoader) (Class.java:400)
11-13 10:08:36.694  3666  3681 I art     :   at java.lang.Class android.support.test.internal.runner.TestLoader.doLoadClass(java.lang.String) (TestLoader.java:92)
11-13 10:08:36.694  3666  3681 I art     :   at java.lang.Class android.support.test.internal.runner.TestLoader.loadIfTest(java.lang.String) (TestLoader.java:113)
11-13 10:08:36.694  3666  3681 I art     :   at void android.support.test.internal.runner.TestRequestBuilder.loadClassesFromClassPath(android.support.test.internal.runner.TestLoader, java.util.Set) (TestRequestBuilder.java:801)
11-13 10:08:36.694  3666  3681 I art     :   at android.support.test.internal.runner.TestRequest android.support.test.internal.runner.TestRequestBuilder.build() (TestRequestBuilder.java:747)
11-13 10:08:36.694  3666  3681 I art     :   at android.support.test.internal.runner.TestRequest android.support.test.runner.AndroidJUnitRunner.buildRequest(android.support.test.internal.runner.RunnerArgs, android.os.Bundle) (AndroidJUnitRunner.java:354)
11-13 10:08:36.694  3666  3681 I art     :   at void android.support.test.runner.AndroidJUnitRunner.onStart() (AndroidJUnitRunner.java:260)
11-13 10:08:36.694  3666  3681 I art     :   at void android.app.Instrumentation$InstrumentationThread.run() (Instrumentation.java:1932)
11-13 10:08:36.694  3666  3681 I art     : Caused by: java.lang.ClassNotFoundException: Didn't find class "org.objectweb.asm.tree.MethodNode" on path: DexPathList[[zip file "/system/framework/android.test.runner.jar", zip file "/data/app/br.com.catbag.gifreduxsample.test-1/base.apk", zip file "/data/app/br.com.catbag.gifreduxsample-1/base.apk"],nativeLibraryDirectories=[/data/app/br.com.catbag.gifreduxsample.test-1/lib/x86, /data/app/br.com.catbag.gifreduxsample-1/lib/x86, /system/fake-libs, /data/app/br.com.catbag.gifreduxsample.test-1/base.apk!/lib/x86, /data/app/br.com.catbag.gifreduxsample-1/base.apk!/lib/x86, /system/lib, /vendor/lib]]
11-13 10:08:36.694  3666  3681 I art     :   at java.lang.Class dalvik.system.BaseDexClassLoader.findClass(java.lang.String) (BaseDexClassLoader.java:56)
11-13 10:08:36.694  3666  3681 I art     :   at java.lang.Class java.lang.ClassLoader.loadClass(java.lang.String, boolean) (ClassLoader.java:380)
11-13 10:08:36.694  3666  3681 I art     :   at java.lang.Class java.lang.ClassLoader.loadClass(java.lang.String) (ClassLoader.java:312)
11-13 10:08:36.694  3666  3681 I art     :   at java.lang.Class java.lang.Class.classForName!(java.lang.String, boolean, java.lang.ClassLoader) (Class.java:-2)
11-13 10:08:36.694  3666  3681 I art     :   at java.lang.Class java.lang.Class.forName(java.lang.String, boolean, java.lang.ClassLoader) (Class.java:400)
11-13 10:08:36.694  3666  3681 I art     :   at java.lang.Class android.support.test.internal.runner.TestLoader.doLoadClass(java.lang.String) (TestLoader.java:92)
11-13 10:08:36.694  3666  3681 I art     :   at java.lang.Class android.support.test.internal.runner.TestLoader.loadIfTest(java.lang.String) (TestLoader.java:113)
11-13 10:08:36.694  3666  3681 I art     :   at void android.support.test.internal.runner.TestRequestBuilder.loadClassesFromClassPath(android.support.test.internal.runner.TestLoader, java.util.Set) (TestRequestBuilder.java:801)
11-13 10:08:36.694  3666  3681 I art     :   at android.support.test.internal.runner.TestRequest android.support.test.internal.runner.TestRequestBuilder.build() (TestRequestBuilder.java:747)
11-13 10:08:36.694  3666  3681 I art     :   at android.support.test.internal.runner.TestRequest android.support.test.runner.AndroidJUnitRunner.buildRequest(android.support.test.internal.runner.RunnerArgs, android.os.Bundle) (AndroidJUnitRunner.java:354)
11-13 10:08:36.694  3666  3681 I art     :   at void android.support.test.runner.AndroidJUnitRunner.onStart() (AndroidJUnitRunner.java:260)
11-13 10:08:36.694  3666  3681 I art     :   at void android.app.Instrumentation$InstrumentationThread.run() (Instrumentation.java:1932)
11-13 10:08:36.694  3666  3681 I art     : 
11-13 10:08:36.694  3666  3681 E TestLoader: Could not find class: org.objectweb.asm.commons.JSRInlinerAdapter
11-13 10:08:36.696  3666  3681 I art     : Rejecting re-init on previously-failed class java.lang.Class<org.objectweb.asm.commons.TryCatchBlockSorter>: java.lang.NoClassDefFoundError: Failed resolution of: Lorg/objectweb/asm/tree/MethodNode;
11-13 10:08:36.696  3666  3681 I art     :   at java.lang.Class java.lang.Class.classForName!(java.lang.String, boolean, java.lang.ClassLoader) (Class.java:-2)
11-13 10:08:36.696  3666  3681 I art     :   at java.lang.Class java.lang.Class.forName(java.lang.String, boolean, java.lang.ClassLoader) (Class.java:400)
11-13 10:08:36.696  3666  3681 I art     :   at java.lang.Class android.support.test.internal.runner.TestLoader.doLoadClass(java.lang.String) (TestLoader.java:92)
11-13 10:08:36.696  3666  3681 I art     :   at java.lang.Class android.support.test.internal.runner.TestLoader.loadIfTest(java.lang.String) (TestLoader.java:113)
11-13 10:08:36.696  3666  3681 I art     :   at void android.support.test.internal.runner.TestRequestBuilder.loadClassesFromClassPath(android.support.test.internal.runner.TestLoader, java.util.Set) (TestRequestBuilder.java:801)
11-13 10:08:36.696  3666  3681 I art     :   at android.support.test.internal.runner.TestRequest android.support.test.internal.runner.TestRequestBuilder.build() (TestRequestBuilder.java:747)
11-13 10:08:36.696  3666  3681 I art     :   at android.support.test.internal.runner.TestRequest android.support.test.runner.AndroidJUnitRunner.buildRequest(android.support.test.internal.runner.RunnerArgs, android.os.Bundle) (AndroidJUnitRunner.java:354)
11-13 10:08:36.696  3666  3681 I art     :   at void android.support.test.runner.AndroidJUnitRunner.onStart() (AndroidJUnitRunner.java:260)
11-13 10:08:36.696  3666  3681 I art     :   at void android.app.Instrumentation$InstrumentationThread.run() (Instrumentation.java:1932)
11-13 10:08:36.696  3666  3681 I art     : Caused by: java.lang.ClassNotFoundException: Didn't find class "org.objectweb.asm.tree.MethodNode" on path: DexPathList[[zip file "/system/framework/android.test.runner.jar", zip file "/data/app/br.com.catbag.gifreduxsample.test-1/base.apk", zip file "/data/app/br.com.catbag.gifreduxsample-1/base.apk"],nativeLibraryDirectories=[/data/app/br.com.catbag.gifreduxsample.test-1/lib/x86, /data/app/br.com.catbag.gifreduxsample-1/lib/x86, /system/fake-libs, /data/app/br.com.catbag.gifreduxsample.test-1/base.apk!/lib/x86, /data/app/br.com.catbag.gifreduxsample-1/base.apk!/lib/x86, /system/lib, /vendor/lib]]
11-13 10:08:36.696  3666  3681 I art     :   at java.lang.Class dalvik.system.BaseDexClassLoader.findClass(java.lang.String) (BaseDexClassLoader.java:56)
11-13 10:08:36.696  3666  3681 I art     :   at java.lang.Class java.lang.ClassLoader.loadClass(java.lang.String, boolean) (ClassLoader.java:380)
11-13 10:08:36.696  3666  3681 I art     :   at java.lang.Class java.lang.ClassLoader.loadClass(java.lang.String) (ClassLoader.java:312)
11-13 10:08:36.696  3666  3681 I art     :   at java.lang.Class java.lang.Class.classForName!(java.lang.String, boolean, java.lang.ClassLoader) (Class.java:-2)
11-13 10:08:36.696  3666  3681 I art     :   at java.lang.Class java.lang.Class.forName(java.lang.String, boolean, java.lang.ClassLoader) (Class.java:400)
11-13 10:08:36.696  3666  3681 I art     :   at java.lang.Class android.support.test.internal.runner.TestLoader.doLoadClass(java.lang.String) (TestLoader.java:92)
11-13 10:08:36.696  3666  3681 I art     :   at java.lang.Class android.support.test.internal.runner.TestLoader.loadIfTest(java.lang.String) (TestLoader.java:113)
11-13 10:08:36.696  3666  3681 I art     :   at void android.support.test.internal.runner.TestRequestBuilder.loadClassesFromClassPath(android.support.test.internal.runner.TestLoader, java.util.Set) (TestRequestBuilder.java:801)
11-13 10:08:36.696  3666  3681 I art     :   at android.support.test.internal.runner.TestRequest android.support.test.internal.runner.TestRequestBuilder.build() (TestRequestBuilder.java:747)
11-13 10:08:36.696  3666  3681 I art     :   at android.support.test.internal.runner.TestRequest android.support.test.runner.AndroidJUnitRunner.buildRequest(android.support.test.internal.runner.RunnerArgs, android.os.Bundle) (AndroidJUnitRunner.java:354)
11-13 10:08:36.696  3666  3681 I art     :   at void android.support.test.runner.AndroidJUnitRunner.onStart() (AndroidJUnitRunner.java:260)
11-13 10:08:36.696  3666  3681 I art     :   at void android.app.Instrumentation$InstrumentationThread.run() (Instrumentation.java:1932)
11-13 10:08:36.696  3666  3681 I art     : 
11-13 10:08:36.696  3666  3681 E TestLoader: Could not find class: org.objectweb.asm.commons.TryCatchBlockSorter
11-13 10:08:36.706  3666  3681 D TestExecutor: Adding listener android.support.test.internal.runner.listener.LogRunListener
11-13 10:08:36.706  3666  3681 D TestExecutor: Adding listener android.support.test.internal.runner.listener.InstrumentationResultPrinter
11-13 10:08:36.706  3666  3681 D TestExecutor: Adding listener android.support.test.internal.runner.listener.ActivityFinisherRunListener
11-13 10:08:36.707  3666  3681 I TestRunner: run started: 10 tests
11-13 10:08:36.708  3666  3681 I TestRunner: started: whenScrollDownAndPlayLastItemTest(br.com.catbag.gifreduxsample.ui.giflist.GifListActivityTest)
11-13 10:08:36.709  3666  3666 I MonitoringInstrumentation: Activities that are still in CREATED to STOPPED: 0
11-13 10:08:36.713  3666  3683 D NetworkSecurityConfig: No Network Security Config specified, using platform default
11-13 10:08:36.758  3684  3684 W dex2oat : Unexpected CPU variant for X86 using defaults: x86
11-13 10:08:36.758  3684  3684 W dex2oat : Mismatch between dex2oat instruction set features (ISA: X86 Feature string: smp,-ssse3,-sse4.1,-sse4.2,-avx,-avx2,-lock_add,-popcnt) and those of dex2oat executable (ISA: X86 Feature string: smp,ssse3,-sse4.1,-sse4.2,-avx,-avx2,-lock_add,-popcnt) for the command line:
11-13 10:08:36.758  3684  3684 W dex2oat : /system/bin/dex2oat --runtime-arg -classpath --runtime-arg & --instruction-set=x86 --instruction-set-features=smp,ssse3,-sse4.1,-sse4.2,-avx,-avx2,-lock_add,-popcnt --runtime-arg -Xrelocate --boot-image=/system/framework/boot.art --runtime-arg -Xms64m --runtime-arg -Xmx512m --instruction-set-variant=x86 --instruction-set-features=default --dex-file=/data/user/0/br.com.catbag.gifreduxsample/app_dxmaker_cache/Generated_553233834.jar --oat-fd=38 --oat-location=/data/user/0/br.com.catbag.gifreduxsample/app_dxmaker_cache/Generated_553233834.dex --compiler-filter=speed
11-13 10:08:36.758  3684  3684 I dex2oat : /system/bin/dex2oat --dex-file=/data/user/0/br.com.catbag.gifreduxsample/app_dxmaker_cache/Generated_553233834.jar --oat-fd=38 --oat-location=/data/user/0/br.com.catbag.gifreduxsample/app_dxmaker_cache/Generated_553233834.dex --compiler-filter=speed
11-13 10:08:36.758  3684  3684 E cutils-trace: Error opening trace file: Permission denied (13)
11-13 10:08:37.022  3684  3684 I dex2oat : dex2oat took 264.518ms (threads: 4) arena alloc=41KB (42016B) java alloc=28KB (28768B) native alloc=734KB (752288B) free=1313KB (1344864B)
11-13 10:08:37.036  1513  1697 D VoldConnector: SND -> {15 volume mkdirs /storage/emulated/0/Android/data/br.com.catbag.gifreduxsample/cache/}
11-13 10:08:37.038  1513  1559 D VoldConnector: RCV <- {200 15 Command succeeded}
11-13 10:08:37.042  1513  1696 D VoldConnector: SND -> {16 volume mkdirs /storage/14F4-1714/Android/data/br.com.catbag.gifreduxsample/cache/}
11-13 10:08:37.047  1513  1559 D VoldConnector: RCV <- {200 16 Command succeeded}
11-13 10:08:37.055  3666  3682 I DroidFlux:Dispatcher: [STARTED] dispatch of action [FAKE_REDUCE_ACTION]
11-13 10:08:37.055  3666  3682 I DroidFlux:Dispatcher: [COMPLETED] dispatch of action [FAKE_REDUCE_ACTION]
11-13 10:08:37.060  3666  3683 D ActivityTestRule: Launching activity br.com.catbag.gifreduxsample.ui.GifListActivity
11-13 10:08:37.062  3666  3690 D MonitoringInstrumentation: execStartActivity(context, ibinder, ibinder, activity, intent, int, bundle
11-13 10:08:37.063  1513  1524 I ActivityManager: START u0 {flg=0x14000000 cmp=br.com.catbag.gifreduxsample/.ui.GifListActivity} from uid 10211 on display 0
11-13 10:08:37.082  3666  3666 D LifecycleMonitor: Lifecycle status change: br.com.catbag.gifreduxsample.ui.GifListActivity@28ab718 in: PRE_ON_CREATE
11-13 10:08:37.116  3666  3666 D LifecycleMonitor: Lifecycle status change: br.com.catbag.gifreduxsample.ui.GifListActivity@28ab718 in: CREATED
11-13 10:08:37.118  3666  3666 D LifecycleMonitor: Lifecycle status change: br.com.catbag.gifreduxsample.ui.GifListActivity@28ab718 in: STARTED
11-13 10:08:37.122  3666  3666 D LifecycleMonitor: Lifecycle status change: br.com.catbag.gifreduxsample.ui.GifListActivity@28ab718 in: RESUMED
11-13 10:08:37.127  1259  1893 D gralloc_ranchu: gralloc_alloc: format 1 and usage 0x933 imply creation of host color buffer
11-13 10:08:37.136  1259  1561 E SurfaceFlinger: ro.sf.lcd_density must be defined as a build property
11-13 10:08:37.140  3666  3666 W gralloc_ranchu: Gralloc pipe failed
11-13 10:08:37.140  3666  3666 D         : HostConnection::get() New Host Connection established 0xaa6cf8c0, tid 3666
11-13 10:08:37.142  1513  1537 D         : HostConnection::get() New Host Connection established 0x8ffffd00, tid 1537
11-13 10:08:37.175  3666  3691 D         : HostConnection::get() New Host Connection established 0xaa6cfcc0, tid 3691
11-13 10:08:37.176  1259  1893 D gralloc_ranchu: gralloc_alloc: format 1 and usage 0x900 imply creation of host color buffer
11-13 10:08:37.186  3666  3691 I OpenGLRenderer: Initialized EGL, version 1.4
11-13 10:08:37.186  3666  3691 D OpenGLRenderer: Swap behavior 1
11-13 10:08:37.191  1259  1893 D gralloc_ranchu: gralloc_alloc: format 1 and usage 0x900 imply creation of host color buffer
11-13 10:08:37.204  1259  1893 D gralloc_ranchu: gralloc_alloc: format 1 and usage 0x900 imply creation of host color buffer
11-13 10:08:37.218  1948  2401 I Icing   : Indexing 10F424ED678064CE330843B38AD0CAF3E9D2F8C0 from com.google.android.gms
11-13 10:08:37.222  1948  2401 I Icing   : Indexing done 10F424ED678064CE330843B38AD0CAF3E9D2F8C0
11-13 10:08:37.324  1513  1537 I ActivityManager: Displayed br.com.catbag.gifreduxsample/.ui.GifListActivity: +250ms
11-13 10:08:37.326  3666  3683 D InputManagerEventInjectionStrategy: Creating injection strategy with input manager.
11-13 10:08:37.338  3666  3666 W ResourceType: No package identifier when getting name for resource number 0x00000003
11-13 10:08:37.339  3666  3666 I ViewInteraction: Performing 'actionOnItemAtPosition performing ViewAction: single click on item at position: 4' action on view with id: 3 (resource name not found)
11-13 10:08:37.431  3666  3682 I DroidFlux:Dispatcher: [STARTED] dispatch of action [GIF_PLAY]
11-13 10:08:37.433  3666  3682 I DroidFlux:Dispatcher: [COMPLETED] dispatch of action [GIF_PLAY]
11-13 10:08:37.441  1266  1290 D AudioFlinger: mixer(0xabf03640) throttle end: throttle time(11)
11-13 10:08:37.453  1266  1290 D AudioFlinger: mixer(0xabf03640) throttle end: throttle time(11)
11-13 10:08:37.509  1513  1537 I WindowManager: Destroying surface Surface(name=Starting br.com.catbag.gifreduxsample) called by com.android.server.wm.WindowStateAnimator.destroySurface:2014 com.android.server.wm.WindowStateAnimator.destroySurfaceLocked:881 com.android.server.wm.WindowState.destroyOrSaveSurface:2073 com.android.server.wm.AppWindowToken.destroySurfaces:363 com.android.server.wm.WindowStateAnimator.finishExit:565 com.android.server.wm.WindowStateAnimator.stepAnimationLocked:491 com.android.server.wm.WindowAnimator.updateWindowsLocked:303 com.android.server.wm.WindowAnimator.animateLocked:704 
11-13 10:08:37.512  1513  1537 D gralloc_ranchu: gralloc_unregister_buffer: exiting HostConnection (is buffer-handling thread)
11-13 10:08:37.699  3666  3666 W ResourceType: No package identifier when getting name for resource number 0x00000004
11-13 10:08:37.731  3666  3666 D LifecycleMonitor: Lifecycle status change: br.com.catbag.gifreduxsample.ui.GifListActivity@28ab718 in: PAUSED
11-13 10:08:37.735  3666  3681 I TestRunner: failed: whenScrollDownAndPlayLastItemTest(br.com.catbag.gifreduxsample.ui.giflist.GifListActivityTest)
11-13 10:08:37.735  3666  3681 I TestRunner: ----- begin exception -----
11-13 10:08:37.738  3666  3681 I TestRunner: android.support.test.espresso.base.DefaultFailureHandler$AssertionFailedWithCauseError: 'with gif image view playing' doesn't match the selected view.
11-13 10:08:37.738  3666  3681 I TestRunner: Expected: with gif image view playing
11-13 10:08:37.738  3666  3681 I TestRunner:      Got: "GifImageView{id=4, visibility=VISIBLE, width=960, height=960, has-focus=false, has-focusable=false, has-window-focus=true, is-clickable=true, is-enabled=true, is-focused=false, is-focusable=false, is-layout-requested=false, is-selected=false, root-is-layout-requested=false, has-input-connection=false, x=12.0, y=0.0}"
11-13 10:08:37.738  3666  3681 I TestRunner: 
11-13 10:08:37.738  3666  3681 I TestRunner: 	at dalvik.system.VMStack.getThreadStackTrace(Native Method)
11-13 10:08:37.738  3666  3681 I TestRunner: 	at java.lang.Thread.getStackTrace(Thread.java:1566)
11-13 10:08:37.738  3666  3681 I TestRunner: 	at android.support.test.espresso.base.DefaultFailureHandler.getUserFriendlyError(DefaultFailureHandler.java:92)
11-13 10:08:37.738  3666  3681 I TestRunner: 	at android.support.test.espresso.base.DefaultFailureHandler.handle(DefaultFailureHandler.java:56)
11-13 10:08:37.738  3666  3681 I TestRunner: 	at android.support.test.espresso.ViewInteraction.runSynchronouslyOnUiThread(ViewInteraction.java:184)
11-13 10:08:37.738  3666  3681 I TestRunner: 	at android.support.test.espresso.ViewInteraction.check(ViewInteraction.java:158)
11-13 10:08:37.738  3666  3681 I TestRunner: 	at br.com.catbag.gifreduxsample.ui.giflist.GifListActivityTest.whenScrollDownAndPlayLastItemTest(GifListActivityTest.java:247)
11-13 10:08:37.738  3666  3681 I TestRunner: 	at java.lang.reflect.Method.invoke(Native Method)
11-13 10:08:37.738  3666  3681 I TestRunner: 	at org.junit.runners.model.FrameworkMethod$1.runReflectiveCall(FrameworkMethod.java:50)
11-13 10:08:37.738  3666  3681 I TestRunner: 	at org.junit.internal.runners.model.ReflectiveCallable.run(ReflectiveCallable.java:12)
11-13 10:08:37.738  3666  3681 I TestRunner: 	at org.junit.runners.model.FrameworkMethod.invokeExplosively(FrameworkMethod.java:47)
11-13 10:08:37.738  3666  3681 I TestRunner: 	at org.junit.internal.runners.statements.InvokeMethod.evaluate(InvokeMethod.java:17)
11-13 10:08:37.738  3666  3681 I TestRunner: 	at org.junit.internal.runners.statements.RunBefores.evaluate(RunBefores.java:26)
11-13 10:08:37.738  3666  3681 I TestRunner: 	at org.junit.internal.runners.statements.RunAfters.evaluate(RunAfters.java:27)
11-13 10:08:37.738  3666  3681 I TestRunner: 	at android.support.test.internal.statement.UiThreadStatement.evaluate(UiThreadStatement.java:55)
11-13 10:08:37.738  3666  3681 I TestRunner: 	at android.support.test.rule.ActivityTestRule$ActivityStatement.evaluate(ActivityTestRule.java:270)
11-13 10:08:37.738  3666  3681 I TestRunner: 	at org.junit.internal.runners.statements.FailOnTimeout$CallableStatement.call(FailOnTimeout.java:298)
11-13 10:08:37.738  3666  3681 I TestRunner: 	at org.junit.internal.runners.statements.FailOnTimeout$CallableStatement.call(FailOnTimeout.java:292)
11-13 10:08:37.738  3666  3681 I TestRunner: 	at java.util.concurrent.FutureTask.run(FutureTask.java:237)
11-13 10:08:37.738  3666  3681 I TestRunner: 	at java.lang.Thread.run(Thread.java:761)
11-13 10:08:37.738  3666  3681 I TestRunner: Caused by: junit.framework.AssertionFailedError: 'with gif image view playing' doesn't match the selected view.
11-13 10:08:37.738  3666  3681 I TestRunner: Expected: with gif image view playing
11-13 10:08:37.738  3666  3681 I TestRunner:      Got: "GifImageView{id=4, visibility=VISIBLE, width=960, height=960, has-focus=false, has-focusable=false, has-window-focus=true, is-clickable=true, is-enabled=true, is-focused=false, is-focusable=false, is-layout-requested=false, is-selected=false, root-is-layout-requested=false, has-input-connection=false, x=12.0, y=0.0}"
11-13 10:08:37.738  3666  3681 I TestRunner: 
11-13 10:08:37.738  3666  3681 I TestRunner: 	at android.support.test.espresso.matcher.ViewMatchers.assertThat(ViewMatchers.java:1053)
11-13 10:08:37.738  3666  3681 I TestRunner: 	at android.support.test.espresso.assertion.ViewAssertions$2.check(ViewAssertions.java:89)
11-13 10:08:37.738  3666  3681 I TestRunner: 	at android.support.test.espresso.ViewInteraction$2.run(ViewInteraction.java:170)
11-13 10:08:37.738  3666  3681 I TestRunner: 	at java.util.concurrent.Executors$RunnableAdapter.call(Executors.java:428)
11-13 10:08:37.738  3666  3681 I TestRunner: 	at java.util.concurrent.FutureTask.run(FutureTask.java:237)
11-13 10:08:37.738  3666  3681 I TestRunner: 	at android.os.Handler.handleCallback(Handler.java:751)
11-13 10:08:37.738  3666  3681 I TestRunner: 	at android.os.Handler.dispatchMessage(Handler.java:95)
11-13 10:08:37.738  3666  3681 I TestRunner: 	at android.os.Looper.loop(Looper.java:154)
11-13 10:08:37.738  3666  3681 I TestRunner: 	at android.app.ActivityThread.main(ActivityThread.java:6077)
11-13 10:08:37.738  3666  3681 I TestRunner: 	at java.lang.reflect.Method.invoke(Native Method)
11-13 10:08:37.738  3666  3681 I TestRunner: 	at com.android.internal.os.ZygoteInit$MethodAndArgsCaller.run(ZygoteInit.java:865)
11-13 10:08:37.738  3666  3681 I TestRunner: 	at com.android.internal.os.ZygoteInit.main(ZygoteInit.java:755)
11-13 10:08:37.739  3666  3681 I TestRunner: ----- end exception -----
11-13 10:08:37.742  3666  3681 I TestRunner: finished: whenScrollDownAndPlayLastItemTest(br.com.catbag.gifreduxsample.ui.giflist.GifListActivityTest)
11-13 10:08:37.766  1259  1894 D gralloc_ranchu: gralloc_alloc: format 1 and usage 0x900 imply creation of host color buffer
11-13 10:08:37.777  1259  1894 D gralloc_ranchu: gralloc_alloc: format 1 and usage 0x900 imply creation of host color buffer
11-13 10:08:37.787  1259  1894 D gralloc_ranchu: gralloc_alloc: format 1 and usage 0x900 imply creation of host color buffer
11-13 10:08:37.818  1259  1561 D gralloc_ranchu: gralloc_alloc: format 1 and usage 0x333 imply creation of host color buffer
11-13 10:08:37.827  1513  2940 D         : HostConnection::get() New Host Connection established 0x91afe100, tid 2940
11-13 10:08:37.854  1259  1259 E EGL_emulation: tid 1259: eglCreateSyncKHR(1451): error 0x3004 (EGL_BAD_ATTRIBUTE)
11-13 10:08:37.905  1513  2940 D gralloc_ranchu: gralloc_unregister_buffer: exiting HostConnection (is buffer-handling thread)
11-13 10:08:37.940  1513  1530 W art     : Long monitor contention with owner Binder:1513_9 (2940) at void com.android.server.am.ActivityManagerService.activityPaused(android.os.IBinder)(ActivityManagerService.java:6849) waiters=0 in void com.android.server.am.ActivityStackSupervisor$ActivityStackSupervisorHandler.activityIdleInternal(com.android.server.am.ActivityRecord) for 207ms
11-13 10:08:37.943  3666  3666 I MonitoringInstrumentation: Activities that are still in CREATED to STOPPED: 1
11-13 10:08:37.944  3666  3681 I TestRunner: started: whenGifIsNotWatchedTest(br.com.catbag.gifreduxsample.ui.giflist.GifListActivityTest)
11-13 10:08:37.996  3666  3666 I MonitoringInstrumentation: Activities that are still in CREATED to STOPPED: 1
11-13 10:08:38.004  1513  1523 I art     : Background partial concurrent mark sweep GC freed 48463(2MB) AllocSpace objects, 3(68KB) LOS objects, 24% free, 12MB/16MB, paused 1.326ms total 107.069ms
11-13 10:08:38.015  3666  3682 I DroidFlux:Dispatcher: [STARTED] dispatch of action [FAKE_REDUCE_ACTION]
11-13 10:08:38.015  3666  3682 I DroidFlux:Dispatcher: [COMPLETED] dispatch of action [FAKE_REDUCE_ACTION]
11-13 10:08:38.016  3666  3666 D AndroidRuntime: Shutting down VM
11-13 10:08:38.019  3666  3666 E MonitoringInstrumentation: Exception encountered by: Thread[main,5,main]. Dumping thread state to outputs and pining for the fjords.
11-13 10:08:38.019  3666  3666 E MonitoringInstrumentation: java.lang.RuntimeException: No view found for ID 2131492949
11-13 10:08:38.019  3666  3666 E MonitoringInstrumentation: 	at trikita.anvil.BaseDSL.withId(BaseDSL.java:692)
11-13 10:08:38.019  3666  3666 E MonitoringInstrumentation: 	at br.com.catbag.gifreduxsample.ui.components.GifComponent.lambda$view$2(GifComponent.java:77)
11-13 10:08:38.019  3666  3666 E MonitoringInstrumentation: 	at br.com.catbag.gifreduxsample.ui.components.GifComponent$$Lambda$1.view(Unknown Source)
11-13 10:08:38.019  3666  3666 E MonitoringInstrumentation: 	at trikita.anvil.BaseDSL.xml(BaseDSL.java:676)
11-13 10:08:38.019  3666  3666 E MonitoringInstrumentation: 	at br.com.catbag.gifreduxsample.ui.components.GifComponent.view(GifComponent.java:75)
11-13 10:08:38.019  3666  3666 E MonitoringInstrumentation: 	at trikita.anvil.Anvil$Mount.render(Anvil.java:204)
11-13 10:08:38.019  3666  3666 E MonitoringInstrumentation: 	at trikita.anvil.Anvil.render(Anvil.java:173)
11-13 10:08:38.019  3666  3666 E MonitoringInstrumentation: 	at trikita.anvil.Anvil.render(Anvil.java:104)
11-13 10:08:38.019  3666  3666 E MonitoringInstrumentation: 	at br.com.catbag.gifreduxsample.ui.GifListActivity.lambda$onStateChanged$0(GifListActivity.java:48)
11-13 10:08:38.019  3666  3666 E MonitoringInstrumentation: 	at br.com.catbag.gifreduxsample.ui.GifListActivity$$Lambda$1.run(Unknown Source)
11-13 10:08:38.019  3666  3666 E MonitoringInstrumentation: 	at android.os.Handler.handleCallback(Handler.java:751)
11-13 10:08:38.019  3666  3666 E MonitoringInstrumentation: 	at android.os.Handler.dispatchMessage(Handler.java:95)
11-13 10:08:38.019  3666  3666 E MonitoringInstrumentation: 	at android.os.Looper.loop(Looper.java:154)
11-13 10:08:38.019  3666  3666 E MonitoringInstrumentation: 	at android.app.ActivityThread.main(ActivityThread.java:6077)
11-13 10:08:38.019  3666  3666 E MonitoringInstrumentation: 	at java.lang.reflect.Method.invoke(Native Method)
11-13 10:08:38.019  3666  3666 E MonitoringInstrumentation: 	at com.android.internal.os.ZygoteInit$MethodAndArgsCaller.run(ZygoteInit.java:865)
11-13 10:08:38.019  3666  3666 E MonitoringInstrumentation: 	at com.android.internal.os.ZygoteInit.main(ZygoteInit.java:755)
11-13 10:08:38.024  3666  3666 E THREAD_STATE:   Thread[Time-limited test,5,FailOnTimeoutGroup]
11-13 10:08:38.024  3666  3666 E THREAD_STATE:     com.umaplay.fluxxan.impl.DispatcherImpl.dispatch(DispatcherImpl.java:217)
11-13 10:08:38.024  3666  3666 E THREAD_STATE:     shared.TestHelper.dispatchAction(TestHelper.java:79)
11-13 10:08:38.024  3666  3666 E THREAD_STATE:     shared.TestHelper.dispatchFakeAppState(TestHelper.java:88)
11-13 10:08:38.024  3666  3666 E THREAD_STATE:     br.com.catbag.gifreduxsample.ui.giflist.GifListActivityTest.whenGifIsNotWatchedTest(GifListActivityTest.java:116)
